2026-09-12 12:11:50.891 [main] INFO  RagApplication - Starting RagApplication using Java 21.0.4 with PID 29404 (D:\Code\fde-portfolio\03-jmn-rag\jmn-rag-main\target\classes started by xu204 in D:\Code\fde-portfolio\03-jmn-rag\jmn-rag-main)
2026-09-12 12:11:50.894 [main] INFO  RagApplication - No active profile set, falling back to 1 default profile: "default"
2026-09-12 12:11:51.786 [main] INFO  TomcatWebServer - Tomcat initialized with port 8802 (http)
2026-09-12 12:11:51.795 [main] INFO  Http11NioProtocol - Initializing ProtocolHandler ["http-nio-8802"]
2026-09-12 12:11:51.797 [main] INFO  StandardService - Starting service [Tomcat]
2026-09-12 12:11:51.797 [main] INFO  StandardEngine - Starting Servlet engine: [Apache Tomcat/10.1.41]
2026-09-12 12:11:51.881 [main] INFO  [/rag/be] - Initializing Spring embedded WebApplicationContext
2026-09-12 12:11:51.882 [main] INFO  ServletWebServerApplicationContext - Root WebApplicationContext: initialization completed in 957 ms
2026-09-12 12:11:52.254 [main] INFO  RagEmbeddingConfig - 向量化实现: local:512d-charbigram (mode=local)
2026-09-12 12:11:52.384 [main] INFO  OptionalValidatorFactoryBean - Failed to set up a Bean Validation provider: jakarta.validation.NoProviderFoundException: Unable to create a Configuration, because no Jakarta Bean Validation provider could be found. Add a provider like Hibernate Validator (RI) to your classpath.
2026-09-12 12:11:52.618 [main] INFO  Http11NioProtocol - Starting ProtocolHandler ["http-nio-8802"]
2026-09-12 12:11:52.628 [main] INFO  TomcatWebServer - Tomcat started on port 8802 (http) with context path '/rag/be'
2026-09-12 12:11:52.632 [main] INFO  RagApplication - Started RagApplication in 2.011 seconds (process running for 2.381)
2026-09-12 12:11:52.645 [main] INFO  RagApplication - 
----------------------------------------------------------
应用程序正在运行中...
接口文档: http://192.168.31.82:8802/rag/be/doc.html
知识库目录: ./data/docs
----------------------------------------------------------

2026-09-12 12:12:36.248 [http-nio-8802-exec-1] INFO  [/rag/be] - Initializing Spring DispatcherServlet 'dispatcherServlet'
2026-09-12 12:12:36.249 [http-nio-8802-exec-1] INFO  DispatcherServlet - Initializing Servlet 'dispatcherServlet'
2026-09-12 12:12:36.250 [http-nio-8802-exec-1] INFO  DispatcherServlet - Completed initialization in 1 ms
2026-09-12 12:12:36.424 [http-nio-8802-exec-2] WARN  IngestService - 知识库目录为空: ./data/docs
2026-09-12 12:12:36.427 [http-nio-8802-exec-2] INFO  InMemoryVectorStore - 向量库重建完成，共 0 个分块
2026-09-12 12:13:10.147 [http-nio-8802-exec-7] INFO  IngestService - 文档分块完成: 业扩报装办理指南.md -> 1 块
2026-09-12 12:13:10.158 [http-nio-8802-exec-7] INFO  IngestService - 文档分块完成: 有序用电与需求响应政策.md -> 1 块
2026-09-12 12:13:10.165 [http-nio-8802-exec-7] INFO  IngestService - 文档分块完成: 欠费复电业务规则.md -> 1 块
2026-09-12 12:13:10.174 [http-nio-8802-exec-7] INFO  IngestService - 文档分块完成: 电费计算规则.md -> 1 块
2026-09-12 12:13:10.184 [http-nio-8802-exec-7] INFO  InMemoryVectorStore - 向量库重建完成，共 4 个分块
